../Core/Src/main.c:85:6:microDelay	16	static
../Core/Src/main.c:91:6:Set_Pin_Output	40	static
../Core/Src/main.c:101:6:Set_Pin_Input	40	static
../Core/Src/main.c:112:9:DHT22_Start	16	static
../Core/Src/main.c:153:9:DHT22_Read	16	static
../Core/Src/main.c:198:5:main	208	static
../Core/Src/main.c:403:6:SystemClock_Config	160	static
../Core/Src/main.c:464:13:MX_ADC1_Init	48	static
../Core/Src/main.c:539:13:MX_ADC2_Init	32	static
../Core/Src/main.c:603:13:MX_ADC3_Init	48	static
../Core/Src/main.c:685:13:MX_TIM2_Init	64	static
../Core/Src/main.c:764:13:MX_USART2_UART_Init	8	static
../Core/Src/main.c:806:13:MX_GPIO_Init	48	static
../Core/Src/main.c:870:1:__io_putchar	16	static
../Core/Src/main.c:883:6:Error_Handler	4	static,ignoring_inline_asm
